// Jest Snapshot v1, https://goo.gl/fbAQLP

exports[`JavaScript output: transformed source code 1`] = `"module.exports = <div>foo{\\"\\\\n\\"}{['bar', '123\\\\n\\\\'abc\\\\n'.split('\\\\n').join('\\"').split(\\"'\\").join('@')].join('')}</div>;"`;

exports[`html output: generated html 1`] = `
<div>
  foo
  

  bar123"@abc"
</div>
`;

exports[`static html output: static html 1`] = `
"<div>foo
bar123&quot;@abc&quot;</div>"
`;
